// Jest Snapshot v1, https://goo.gl/fbAQLP

exports[`FooterSection component renders the component correctly 1`] = `
<DocumentFragment>
  <footer
    class="border-t border-gray-medium px-2 py-4 tablet:px-4 tablet:py-8 desktop:px-4 desktop:py-8"
    data-testid="footer-section-test-id"
  >
    <div
      class="flex items-center justify-between text-xs text-gray-dark tablet:text-sm desktop:text-sm"
    >
      <div
        class="flex flex-col justify-between tablet:w-1/2 tablet:flex-row desktop:w-1/2 desktop:flex-row"
      >
        <div>
          ФОП Захарова Вікторія
        </div>
        <div>
          (c) 2025
        </div>
      </div>
      <a
        class="whitespace-nowrap underline underline-offset-3 transition hover:text-teal-dark"
        data-testid="external-link-test-id"
        href="https://example.com/offer"
        rel="noopener noreferrer"
        target="_blank"
      >
        Договір оферти
      </a>
    </div>
  </footer>
</DocumentFragment>
`;
