// Jest Snapshot v1, https://goo.gl/fbAQLP

exports[`FlipCard component renders the FlipCard component 1`] = `
<DocumentFragment>
  <div
    aria-label="Показати деталі"
    aria-pressed="false"
    class="group relative cursor-pointer overflow-hidden [perspective:10000px]"
    data-testid="flip-card-test-id"
    role="button"
    tabindex="0"
  >
    <div
      class="relative h-full w-full transition-all duration-500 [transform-style:preserve-3d]"
    >
      <div
        class="absolute inset-0 flex h-full w-full [backface-visibility:hidden]"
        data-testid="flip-card-front-test-id"
      >
        <div>
          Front Side
        </div>
      </div>
      <div
        class="absolute inset-0 flex h-full w-full [backface-visibility:hidden] [transform:rotateX(180deg)]"
        data-testid="flip-card-back-test-id"
      >
        <div>
          Back Side
        </div>
      </div>
    </div>
  </div>
</DocumentFragment>
`;
