// Jest Snapshot v1, https://goo.gl/fbAQLP

exports[`Label component displays the correct text 1`] = `
<DocumentFragment>
  <div
    class="flex max-w-max items-center justify-center rounded-40 bg-teal-lightOpacity px-4 py-2 text-blue-dark"
    data-testid="label-component-test-id"
  >
    Test Label
  </div>
</DocumentFragment>
`;

exports[`Label component renders the Label component 1`] = `
<DocumentFragment>
  <div
    class="flex max-w-max items-center justify-center rounded-40 bg-teal-lightOpacity px-4 py-2 text-blue-dark"
    data-testid="label-component-test-id"
  >
    Test Label
  </div>
</DocumentFragment>
`;
