// Jest Snapshot v1, https://goo.gl/fbAQLP

exports[`DiagnosticSection component renders DiagnosticSection correctly 1`] = `
<DocumentFragment>
  <section
    class="relative w-full desktop:px-72"
  >
    <div
      class="grid desktop:grid-cols-2 desktop:gap-24"
    >
      <div
        class="flex flex-col items-center text-center desktop:w-464 desktop:items-start desktop:px-2 desktop:text-left"
      >
        <h2
          class="mb-2 text-4xl font-bold leading-9 tracking-tight text-black tablet:mb-3 tablet:text-44 tablet:leading-44 desktop:mb-5 desktop:text-52 desktop:leading-54"
        >
          Some title
        </h2>
        <p
          class="mb-8 w-190 text-xl font-normal leading-5 tracking-normal text-blue-default tablet:mb-9 tablet:w-400 tablet:px-16 tablet:text-left tablet:text-28 tablet:leading-7 desktop:mb-10 desktop:w-442 desktop:px-16 desktop:text-32 desktop:leading-8"
        >
          Some subtitle
        </p>
        <p
          class="mb-8 w-full max-w-400 text-base font-normal leading-5 tracking-normal text-gray-dark tablet:mb-5 tablet:max-w-482 tablet:text-lg tablet:leading-6 desktop:mb-12 desktop:max-w-full desktop:leading-6"
        >
          Some description
        </p>
        <a>
          <button>
            Click Me
          </button>
        </a>
      </div>
      <div
        class="relative flex items-center justify-center"
      >
        <div>
          <div>
            SprayBackground
          </div>
          <p
            class="mb-6 font-normal text-black tablet:text-2xl tablet:leading-6 desktop:text-2xl desktop:leading-6"
          >
            Benefits title
          </p>
          <ul>
            <li>
              Benefit 1
            </li>
            <li>
              Benefit 2
            </li>
          </ul>
        </div>
      </div>
      <div
        class="mt-4 flex justify-center desktop:hidden"
      >
        <a>
          <button>
            Click Me
          </button>
        </a>
      </div>
    </div>
  </section>
</DocumentFragment>
`;
