// Jest Snapshot v1, https://goo.gl/fbAQLP

exports[`FlipCardFront component renders the FlipCardFront component 1`] = `
<DocumentFragment>
  <div
    class="bg-white flex h-full flex-col gap-6 p-8 border border-teal-dark rounded-24 tablet:rounded-32 desktop:rounded-40 w-full bg-cover bg-center"
    data-testid="simple-card-test-id"
  >
    <div
      class="flex items-center justify-end"
    >
      <div
        data-testid="icon-component-test-id"
      >
        /test-icon.svg
      </div>
    </div>
    <p
      class="text-26 font-bold leading-26 text-black tablet:text-28 tablet:leading-7 desktop:text-32 desktop:leading-8"
      data-testid="flip-card-front-header-test-id"
    >
      Test Header
    </p>
    <div
      data-testid="label-component-test-id"
    >
      Test Label
    </div>
    <p
      class="text-base font-normal leading-22 text-black desktop:text-lg"
      data-testid="flip-card-front-description-test-id"
    >
      Test Description
    </p>
    <div
      data-testid="underlined-text-test-id"
    >
      Test CTA
    </div>
  </div>
</DocumentFragment>
`;

exports[`FlipCardFront component renders the call to action correctly 1`] = `
<DocumentFragment>
  <div
    class="bg-white flex h-full flex-col gap-6 p-8 border border-teal-dark rounded-24 tablet:rounded-32 desktop:rounded-40 w-full bg-cover bg-center"
    data-testid="simple-card-test-id"
  >
    <div
      class="flex items-center justify-end"
    >
      <div
        data-testid="icon-component-test-id"
      >
        /test-icon.svg
      </div>
    </div>
    <p
      class="text-26 font-bold leading-26 text-black tablet:text-28 tablet:leading-7 desktop:text-32 desktop:leading-8"
      data-testid="flip-card-front-header-test-id"
    >
      Test Header
    </p>
    <div
      data-testid="label-component-test-id"
    >
      Test Label
    </div>
    <p
      class="text-base font-normal leading-22 text-black desktop:text-lg"
      data-testid="flip-card-front-description-test-id"
    >
      Test Description
    </p>
    <div
      data-testid="underlined-text-test-id"
    >
      Test CTA
    </div>
  </div>
</DocumentFragment>
`;

exports[`FlipCardFront component renders the description correctly 1`] = `
<DocumentFragment>
  <div
    class="bg-white flex h-full flex-col gap-6 p-8 border border-teal-dark rounded-24 tablet:rounded-32 desktop:rounded-40 w-full bg-cover bg-center"
    data-testid="simple-card-test-id"
  >
    <div
      class="flex items-center justify-end"
    >
      <div
        data-testid="icon-component-test-id"
      >
        /test-icon.svg
      </div>
    </div>
    <p
      class="text-26 font-bold leading-26 text-black tablet:text-28 tablet:leading-7 desktop:text-32 desktop:leading-8"
      data-testid="flip-card-front-header-test-id"
    >
      Test Header
    </p>
    <div
      data-testid="label-component-test-id"
    >
      Test Label
    </div>
    <p
      class="text-base font-normal leading-22 text-black desktop:text-lg"
      data-testid="flip-card-front-description-test-id"
    >
      Test Description
    </p>
    <div
      data-testid="underlined-text-test-id"
    >
      Test CTA
    </div>
  </div>
</DocumentFragment>
`;

exports[`FlipCardFront component renders the header correctly 1`] = `
<DocumentFragment>
  <div
    class="bg-white flex h-full flex-col gap-6 p-8 border border-teal-dark rounded-24 tablet:rounded-32 desktop:rounded-40 w-full bg-cover bg-center"
    data-testid="simple-card-test-id"
  >
    <div
      class="flex items-center justify-end"
    >
      <div
        data-testid="icon-component-test-id"
      >
        /test-icon.svg
      </div>
    </div>
    <p
      class="text-26 font-bold leading-26 text-black tablet:text-28 tablet:leading-7 desktop:text-32 desktop:leading-8"
      data-testid="flip-card-front-header-test-id"
    >
      Test Header
    </p>
    <div
      data-testid="label-component-test-id"
    >
      Test Label
    </div>
    <p
      class="text-base font-normal leading-22 text-black desktop:text-lg"
      data-testid="flip-card-front-description-test-id"
    >
      Test Description
    </p>
    <div
      data-testid="underlined-text-test-id"
    >
      Test CTA
    </div>
  </div>
</DocumentFragment>
`;

exports[`FlipCardFront component renders the icon correctly 1`] = `
<DocumentFragment>
  <div
    class="bg-white flex h-full flex-col gap-6 p-8 border border-teal-dark rounded-24 tablet:rounded-32 desktop:rounded-40 w-full bg-cover bg-center"
    data-testid="simple-card-test-id"
  >
    <div
      class="flex items-center justify-end"
    >
      <div
        data-testid="icon-component-test-id"
      >
        /test-icon.svg
      </div>
    </div>
    <p
      class="text-26 font-bold leading-26 text-black tablet:text-28 tablet:leading-7 desktop:text-32 desktop:leading-8"
      data-testid="flip-card-front-header-test-id"
    >
      Test Header
    </p>
    <div
      data-testid="label-component-test-id"
    >
      Test Label
    </div>
    <p
      class="text-base font-normal leading-22 text-black desktop:text-lg"
      data-testid="flip-card-front-description-test-id"
    >
      Test Description
    </p>
    <div
      data-testid="underlined-text-test-id"
    >
      Test CTA
    </div>
  </div>
</DocumentFragment>
`;

exports[`FlipCardFront component renders the label correctly 1`] = `
<DocumentFragment>
  <div
    class="bg-white flex h-full flex-col gap-6 p-8 border border-teal-dark rounded-24 tablet:rounded-32 desktop:rounded-40 w-full bg-cover bg-center"
    data-testid="simple-card-test-id"
  >
    <div
      class="flex items-center justify-end"
    >
      <div
        data-testid="icon-component-test-id"
      >
        /test-icon.svg
      </div>
    </div>
    <p
      class="text-26 font-bold leading-26 text-black tablet:text-28 tablet:leading-7 desktop:text-32 desktop:leading-8"
      data-testid="flip-card-front-header-test-id"
    >
      Test Header
    </p>
    <div
      data-testid="label-component-test-id"
    >
      Test Label
    </div>
    <p
      class="text-base font-normal leading-22 text-black desktop:text-lg"
      data-testid="flip-card-front-description-test-id"
    >
      Test Description
    </p>
    <div
      data-testid="underlined-text-test-id"
    >
      Test CTA
    </div>
  </div>
</DocumentFragment>
`;
