// Jest Snapshot v1, https://goo.gl/fbAQLP

exports[`DiplomaCard renders correctly with black & white image and overlay 1`] = `
<div>
  <div
    class="hover:transition-color w-fit overflow-hidden rounded-24 border border-gray-medium p-3 hover:border-teal-dark hover:duration-500"
    data-testid="diploma-card-test-id"
  >
    <div
      class="relative h-230 w-auto max-w-full overflow-hidden rounded-2xl"
    >
      <div
        class="absolute inset-0 z-10 overflow-hidden bg-teal-fog opacity-20 transition-opacity duration-300 hover:cursor-pointer hover:opacity-30 hover:transition-opacity hover:duration-300"
        data-testid="diploma-overlay-test-id"
        role="button"
        tabindex="0"
      />
      <img
        alt="Diploma"
        class="h-full w-auto object-contain"
        data-nimg="1"
        data-testid="diploma-image-test-id"
        decoding="async"
        height="168"
        loading="lazy"
        src="/_next/image?url=https%3A%2F%2Fexample.com%2Fbw-diploma.jpg&w=384&q=75"
        srcset="/_next/image?url=https%3A%2F%2Fexample.com%2Fbw-diploma.jpg&w=256&q=75 1x, /_next/image?url=https%3A%2F%2Fexample.com%2Fbw-diploma.jpg&w=384&q=75 2x"
        style="color: transparent;"
        width="168"
      />
    </div>
  </div>
</div>
`;
