// Jest Snapshot v1, https://goo.gl/fbAQLP

exports[`UnderlinedText component displays the correct text 1`] = `
<DocumentFragment>
  <span
    class="relative inline-block cursor-pointer text-base font-bold leading-none text-teal-dark underline"
    data-testid="underlined-text-test-id"
  >
    Underlined Text
  </span>
</DocumentFragment>
`;

exports[`UnderlinedText component renders the UnderlinedText component correctly 1`] = `
<DocumentFragment>
  <span
    class="relative inline-block cursor-pointer text-base font-bold leading-none text-teal-dark underline"
    data-testid="underlined-text-test-id"
  >
    Underlined Text
  </span>
</DocumentFragment>
`;
