// Jest Snapshot v1, https://goo.gl/fbAQLP

exports[`ServiceCardBack component renders the ServiceCardBack component 1`] = `
<DocumentFragment>
  <div
    class="relative w-full bg-cover bg-center rounded-24 tablet:rounded-32 desktop:rounded-40 flex h-full flex-col gap-4 bg-blue-dark p-6 tablet:p-8 mid_tablet:border-none desktop:gap-6 desktop:border-none desktop:p-10"
    data-testid="simple-card-test-id"
  >
    <h3
      class="mid_tablet:max-w-600 desktop:max-w-600 text-lg font-bold leading-5 text-teal-medium min_mobile:text-base tablet:text-2xl tablet:leading-6 mid_tablet:text-xl desktop:text-2xl desktop:leading-6"
      data-testid="service-card-back-header-test-id"
    >
      Test Header
    </h3>
    <ul
      class="mid_tablet:max-w-540 desktop:max-w-544 list-disc space-y-1.5 pl-5 text-sm font-extralight leading-18 tracking-normal text-white min_mobile:text-xs tablet:text-base tablet:leading-6 mid_tablet:text-sm mid_tablet:leading-4 desktop:text-lg desktop:leading-5"
      data-testid="service-card-back-list-test-id"
    >
      <li
        data-testid="service-card-back-list-item-test-id"
      >
        Item 1
      </li>
      <li
        data-testid="service-card-back-list-item-test-id"
      >
        Item 2
      </li>
      <li
        data-testid="service-card-back-list-item-test-id"
      >
        Item 3
      </li>
    </ul>
  </div>
</DocumentFragment>
`;

exports[`ServiceCardBack component renders the correct number of list items 1`] = `
<DocumentFragment>
  <div
    class="relative w-full bg-cover bg-center rounded-24 tablet:rounded-32 desktop:rounded-40 flex h-full flex-col gap-4 bg-blue-dark p-6 tablet:p-8 mid_tablet:border-none desktop:gap-6 desktop:border-none desktop:p-10"
    data-testid="simple-card-test-id"
  >
    <h3
      class="mid_tablet:max-w-600 desktop:max-w-600 text-lg font-bold leading-5 text-teal-medium min_mobile:text-base tablet:text-2xl tablet:leading-6 mid_tablet:text-xl desktop:text-2xl desktop:leading-6"
      data-testid="service-card-back-header-test-id"
    >
      Test Header
    </h3>
    <ul
      class="mid_tablet:max-w-540 desktop:max-w-544 list-disc space-y-1.5 pl-5 text-sm font-extralight leading-18 tracking-normal text-white min_mobile:text-xs tablet:text-base tablet:leading-6 mid_tablet:text-sm mid_tablet:leading-4 desktop:text-lg desktop:leading-5"
      data-testid="service-card-back-list-test-id"
    >
      <li
        data-testid="service-card-back-list-item-test-id"
      >
        Item 1
      </li>
      <li
        data-testid="service-card-back-list-item-test-id"
      >
        Item 2
      </li>
      <li
        data-testid="service-card-back-list-item-test-id"
      >
        Item 3
      </li>
    </ul>
  </div>
</DocumentFragment>
`;

exports[`ServiceCardBack component renders the header correctly 1`] = `
<DocumentFragment>
  <div
    class="relative w-full bg-cover bg-center rounded-24 tablet:rounded-32 desktop:rounded-40 flex h-full flex-col gap-4 bg-blue-dark p-6 tablet:p-8 mid_tablet:border-none desktop:gap-6 desktop:border-none desktop:p-10"
    data-testid="simple-card-test-id"
  >
    <h3
      class="mid_tablet:max-w-600 desktop:max-w-600 text-lg font-bold leading-5 text-teal-medium min_mobile:text-base tablet:text-2xl tablet:leading-6 mid_tablet:text-xl desktop:text-2xl desktop:leading-6"
      data-testid="service-card-back-header-test-id"
    >
      Test Header
    </h3>
    <ul
      class="mid_tablet:max-w-540 desktop:max-w-544 list-disc space-y-1.5 pl-5 text-sm font-extralight leading-18 tracking-normal text-white min_mobile:text-xs tablet:text-base tablet:leading-6 mid_tablet:text-sm mid_tablet:leading-4 desktop:text-lg desktop:leading-5"
      data-testid="service-card-back-list-test-id"
    >
      <li
        data-testid="service-card-back-list-item-test-id"
      >
        Item 1
      </li>
      <li
        data-testid="service-card-back-list-item-test-id"
      >
        Item 2
      </li>
      <li
        data-testid="service-card-back-list-item-test-id"
      >
        Item 3
      </li>
    </ul>
  </div>
</DocumentFragment>
`;

exports[`ServiceCardBack component renders the list correctly 1`] = `
<DocumentFragment>
  <div
    class="relative w-full bg-cover bg-center rounded-24 tablet:rounded-32 desktop:rounded-40 flex h-full flex-col gap-4 bg-blue-dark p-6 tablet:p-8 mid_tablet:border-none desktop:gap-6 desktop:border-none desktop:p-10"
    data-testid="simple-card-test-id"
  >
    <h3
      class="mid_tablet:max-w-600 desktop:max-w-600 text-lg font-bold leading-5 text-teal-medium min_mobile:text-base tablet:text-2xl tablet:leading-6 mid_tablet:text-xl desktop:text-2xl desktop:leading-6"
      data-testid="service-card-back-header-test-id"
    >
      Test Header
    </h3>
    <ul
      class="mid_tablet:max-w-540 desktop:max-w-544 list-disc space-y-1.5 pl-5 text-sm font-extralight leading-18 tracking-normal text-white min_mobile:text-xs tablet:text-base tablet:leading-6 mid_tablet:text-sm mid_tablet:leading-4 desktop:text-lg desktop:leading-5"
      data-testid="service-card-back-list-test-id"
    >
      <li
        data-testid="service-card-back-list-item-test-id"
      >
        Item 1
      </li>
      <li
        data-testid="service-card-back-list-item-test-id"
      >
        Item 2
      </li>
      <li
        data-testid="service-card-back-list-item-test-id"
      >
        Item 3
      </li>
    </ul>
  </div>
</DocumentFragment>
`;
