// Jest Snapshot v1, https://goo.gl/fbAQLP

exports[`ModalWrapper calls onClose when clicking on backdrop 1`] = `<DocumentFragment />`;

exports[`ModalWrapper calls onClose when clicking on close button 1`] = `<DocumentFragment />`;

exports[`ModalWrapper does not call onClose when clicking inside modal content 1`] = `<DocumentFragment />`;

exports[`ModalWrapper renders modal with content 1`] = `<DocumentFragment />`;
