// Jest Snapshot v1, https://goo.gl/fbAQLP

exports[`TestimonialCard component renders UserBadge when clientName and clientPhotoUrl are provided 1`] = `
<DocumentFragment>
  <div
    class="bg-white flex flex-col justify-between p-6 tablet:p-8 undefined border border-teal-dark rounded-24 tablet:rounded-32 desktop:rounded-40 w-full bg-cover bg-center"
    data-testid="simple-card-test-id"
  >
    <div
      class="text-xl font-normal leading-6 text-black desktop:text-22 desktop:leading-26"
      data-testid="testimonials-text-test-id"
    >
      This is a testimonial text.
    </div>
    <div
      data-testid="user-badge-test-id"
    >
      <span>
        John Doe
      </span>
      <img
        alt="John Doe"
        src="/john-doe.jpg"
      />
      <a
        href="https://example.com"
      >
        Profile
      </a>
    </div>
  </div>
</DocumentFragment>
`;

exports[`TestimonialCard component renders the TestimonialCard component 1`] = `
<DocumentFragment>
  <div
    class="bg-white flex flex-col justify-between p-6 tablet:p-8 undefined border border-teal-dark rounded-24 tablet:rounded-32 desktop:rounded-40 w-full bg-cover bg-center"
    data-testid="simple-card-test-id"
  >
    <div
      class="text-xl font-normal leading-6 text-black desktop:text-22 desktop:leading-26"
      data-testid="testimonials-text-test-id"
    >
      This is a testimonial text.
    </div>
    <div
      data-testid="user-badge-test-id"
    >
      <span>
        John Doe
      </span>
      <img
        alt="John Doe"
        src="/john-doe.jpg"
      />
      <a
        href="https://example.com"
      >
        Profile
      </a>
    </div>
  </div>
</DocumentFragment>
`;
