// Jest Snapshot v1, https://goo.gl/fbAQLP

exports[`TestimonialCard component renders UserBadge when clientName and clientPhotoUrl are provided 1`] = `
<DocumentFragment>
  <div
    class="relative w-full bg-cover bg-center bg-white border border-teal-dark rounded-24 tablet:rounded-32 desktop:rounded-40 flex flex-col justify-between p-28 desktop:p-8"
    data-testid="simple-card-test-id"
  >
    <div
      class="flex flex-col gap-3"
    >
      <div
        class="max-h-70 overflow-hidden text-xl font-normal leading-6 text-black desktop:max-h-80 desktop:text-22 desktop:leading-26"
        data-testid="testimonials-text-test-id"
      >
        This is a testimonial text.
      </div>
      <button
        class="transition-color-fast text-right text-lg leading-18 text-gray-dark hover:text-teal-dark"
        role="button"
      >
        Читати більше
      </button>
    </div>
    <div
      data-testid="user-badge-test-id"
    >
      <span>
        John Doe
      </span>
      <img
        alt="John Doe"
        src="/john-doe.jpg"
      />
      <a
        href="https://example.com"
      >
        Profile
      </a>
    </div>
  </div>
</DocumentFragment>
`;

exports[`TestimonialCard component renders the TestimonialCard component 1`] = `
<DocumentFragment>
  <div
    class="relative w-full bg-cover bg-center bg-white border border-teal-dark rounded-24 tablet:rounded-32 desktop:rounded-40 flex flex-col justify-between p-28 desktop:p-8"
    data-testid="simple-card-test-id"
  >
    <div
      class="flex flex-col gap-3"
    >
      <div
        class="max-h-70 overflow-hidden text-xl font-normal leading-6 text-black desktop:max-h-80 desktop:text-22 desktop:leading-26"
        data-testid="testimonials-text-test-id"
      >
        This is a testimonial text.
      </div>
      <button
        class="transition-color-fast text-right text-lg leading-18 text-gray-dark hover:text-teal-dark"
        role="button"
      >
        Читати більше
      </button>
    </div>
    <div
      data-testid="user-badge-test-id"
    >
      <span>
        John Doe
      </span>
      <img
        alt="John Doe"
        src="/john-doe.jpg"
      />
      <a
        href="https://example.com"
      >
        Profile
      </a>
    </div>
  </div>
</DocumentFragment>
`;
